../Core/Src/main.c:129:5:main	88	static
../Core/Src/main.c:250:6:SystemClock_Config	96	static
../Core/Src/main.c:300:13:MX_ADC1_Init	32	static
../Core/Src/main.c:358:13:MX_DAC1_Init	48	static
../Core/Src/main.c:401:13:MX_I2C1_Init	8	static
../Core/Src/main.c:449:13:MX_TIM1_Init	56	static
../Core/Src/main.c:500:13:MX_TIM6_Init	24	static
../Core/Src/main.c:538:13:MX_USART2_UART_Init	8	static
../Core/Src/main.c:571:13:MX_DMA_Init	16	static
../Core/Src/main.c:589:13:MX_GPIO_Init	40	static
../Core/Src/main.c:637:6:HAL_TIM_PeriodElapsedCallback	32	static
../Core/Src/main.c:689:6:HAL_TIM_IC_CaptureCallback	32	static
../Core/Src/main.c:707:6:HAL_GPIO_EXTI_Callback	24	static
../Core/Src/main.c:718:6:HAL_ADC_ConvCpltCallback	16	static
../Core/Src/main.c:730:6:Error_Handler	4	static,ignoring_inline_asm
